// Jest Snapshot v1, https://goo.gl/fbAQLP

exports[`ColorText component should be rendered correctly 1`] = `ShallowWrapper {}`;
