// Jest Snapshot v1, https://goo.gl/fbAQLP

exports[`Footer component should be rendered correctly 1`] = `ShallowWrapper {}`;
