// Jest Snapshot v1, https://goo.gl/fbAQLP

exports[`FilmDetailsPageContainer component should be rendered correctly 1`] = `
<FilmDetailsPage
  filmDetails={
    Object {
      "budget": 0,
      "genres": Array [
        "Action",
        "Adventure",
        "Fantasy",
        "Science Fiction",
      ],
      "id": 181790,
      "overview": "Sean and Hank go on their biggest adventure yet, to the moon.",
      "poster_path": "https://image.tmdb.org/t/p/w500/98tbNloMBztAVnWpAznKKVUdi2O.jpg",
      "release_date": "2018-12-31",
      "revenue": 0,
      "runtime": null,
      "tagline": "",
      "title": "Journey 3: From the Earth to the Moon",
      "vote_average": 0,
      "vote_count": 7,
    }
  }
  isFilmDetailsLoading={false}
  isFilmsLoading={false}
/>
`;
