// Jest Snapshot v1, https://goo.gl/fbAQLP

exports[`AppBar component should be rendered correctly 1`] = `ShallowWrapper {}`;
