// Jest Snapshot v1, https://goo.gl/fbAQLP

exports[`ErrorBoundary component should be rendered correctly 1`] = `
<div>
  Test
</div>
`;
