// Jest Snapshot v1, https://goo.gl/fbAQLP

exports[`App component should be rendered correctly 1`] = `
<Provider
  store={
    Object {
      "dispatch": [MockFunction],
      "getState": [MockFunction],
      "subscribe": [MockFunction],
    }
  }
>
  <ErrorBoundary>
    <Router
      context={
        Object {
          "url": "some-url",
        }
      }
      location="some-location"
    >
      <Switch>
        <Route
          component={[Function]}
          exact={true}
          path="/"
        />
        <Redirect
          exact={true}
          from="/search"
          push={false}
          to="/"
        />
        <Route
          component={[Function]}
          path="/movie/:id"
        />
        <Route
          component={[Function]}
          path="/search/:query"
        />
        <Route
          component={[Function]}
          path="/not-found"
        />
        <Redirect
          push={false}
          to="/not-found"
        />
      </Switch>
    </Router>
  </ErrorBoundary>
</Provider>
`;
